// Jest Snapshot v1, https://goo.gl/fbAQLP

exports[`Button should be rendered 1`] = `
<button
  className="button "
>
  Button
</button>
`;
