// Jest Snapshot v1, https://goo.gl/fbAQLP

exports[`Amount should be rendered 1`] = `"RUBÂ 100,000.00"`;
