// Jest Snapshot v1, https://goo.gl/fbAQLP

exports[`Layout should be rendered 1`] = `
<div
  className="layout"
>
  Layout
</div>
`;
